Archive member included to satisfy reference by file (symbol)

G:\F401\SDK_1.0.3_NUCLEO-F401RE\lib_stm\libLibraries.a(system_stm32f4xx.o)
                              ./Src/main.o (SystemCoreClockUpdate)
G:\F401\SDK_1.0.3_NUCLEO-F401RE\lib_stm\libLibraries.a(stm32f401re_adc.o)
                              ./Src/main.o (ADC_DeInit)
G:\F401\SDK_1.0.3_NUCLEO-F401RE\lib_stm\libLibraries.a(stm32f401re_dma.o)
                              ./Src/main.o (DMA_DeInit)
G:\F401\SDK_1.0.3_NUCLEO-F401RE\lib_stm\libLibraries.a(stm32f401re_gpio.o)
                              ./Src/main.o (GPIO_Init)
G:\F401\SDK_1.0.3_NUCLEO-F401RE\lib_stm\libLibraries.a(stm32f401re_rcc.o)
                              ./Src/main.o (RCC_AHB1PeriphClockCmd)
G:\F401\SDK_1.0.3_NUCLEO-F401RE\lib_stm\libLibraries.a(stm32f401re_usart.o)
                              ./Src/main.o (USART_Init)
G:\F401\SDK_1.0.3_NUCLEO-F401RE\lib_stm\libLibraries.a(timer.o)
                              ./Src/main.o (TimerInit)
G:\F401\SDK_1.0.3_NUCLEO-F401RE\lib_stm\libLibraries.a(utilities.o)
                              G:\F401\SDK_1.0.3_NUCLEO-F401RE\lib_stm\libLibraries.a(timer.o) (memsetl)
k:/stm/stm32cubeide_1.11.2/stm32cubeide/plugins/com.st.stm32cube.ide.mcu.externaltools.gnu-tools-for-stm32.10.3-2021.10.win32_1.0.100.202210260954/tools/bin/../lib/gcc/arm-none-eabi/10.3.1/../../../../arm-none-eabi/lib/thumb/v7e-m+fp/hard\libc_nano.a(lib_a-errno.o)
                              ./Src/syscalls.o (__errno)
k:/stm/stm32cubeide_1.11.2/stm32cubeide/plugins/com.st.stm32cube.ide.mcu.externaltools.gnu-tools-for-stm32.10.3-2021.10.win32_1.0.100.202210260954/tools/bin/../lib/gcc/arm-none-eabi/10.3.1/../../../../arm-none-eabi/lib/thumb/v7e-m+fp/hard\libc_nano.a(lib_a-exit.o)
                              k:/stm/stm32cubeide_1.11.2/stm32cubeide/plugins/com.st.stm32cube.ide.mcu.externaltools.gnu-tools-for-stm32.10.3-2021.10.win32_1.0.100.202210260954/tools/bin/../lib/gcc/arm-none-eabi/10.3.1/../../../../arm-none-eabi/lib/thumb/v7e-m+fp/hard/crt0.o (exit)
k:/stm/stm32cubeide_1.11.2/stm32cubeide/plugins/com.st.stm32cube.ide.mcu.externaltools.gnu-tools-for-stm32.10.3-2021.10.win32_1.0.100.202210260954/tools/bin/../lib/gcc/arm-none-eabi/10.3.1/../../../../arm-none-eabi/lib/thumb/v7e-m+fp/hard\libc_nano.a(lib_a-impure.o)
                              k:/stm/stm32cubeide_1.11.2/stm32cubeide/plugins/com.st.stm32cube.ide.mcu.externaltools.gnu-tools-for-stm32.10.3-2021.10.win32_1.0.100.202210260954/tools/bin/../lib/gcc/arm-none-eabi/10.3.1/../../../../arm-none-eabi/lib/thumb/v7e-m+fp/hard\libc_nano.a(lib_a-exit.o) (_global_impure_ptr)
k:/stm/stm32cubeide_1.11.2/stm32cubeide/plugins/com.st.stm32cube.ide.mcu.externaltools.gnu-tools-for-stm32.10.3-2021.10.win32_1.0.100.202210260954/tools/bin/../lib/gcc/arm-none-eabi/10.3.1/../../../../arm-none-eabi/lib/thumb/v7e-m+fp/hard\libc_nano.a(lib_a-init.o)
                              k:/stm/stm32cubeide_1.11.2/stm32cubeide/plugins/com.st.stm32cube.ide.mcu.externaltools.gnu-tools-for-stm32.10.3-2021.10.win32_1.0.100.202210260954/tools/bin/../lib/gcc/arm-none-eabi/10.3.1/../../../../arm-none-eabi/lib/thumb/v7e-m+fp/hard/crt0.o (__libc_init_array)
k:/stm/stm32cubeide_1.11.2/stm32cubeide/plugins/com.st.stm32cube.ide.mcu.externaltools.gnu-tools-for-stm32.10.3-2021.10.win32_1.0.100.202210260954/tools/bin/../lib/gcc/arm-none-eabi/10.3.1/../../../../arm-none-eabi/lib/thumb/v7e-m+fp/hard\libc_nano.a(lib_a-memset.o)
                              k:/stm/stm32cubeide_1.11.2/stm32cubeide/plugins/com.st.stm32cube.ide.mcu.externaltools.gnu-tools-for-stm32.10.3-2021.10.win32_1.0.100.202210260954/tools/bin/../lib/gcc/arm-none-eabi/10.3.1/../../../../arm-none-eabi/lib/thumb/v7e-m+fp/hard/crt0.o (memset)

Discarded input sections

 .text          0x0000000000000000        0x0 k:/stm/stm32cubeide_1.11.2/stm32cubeide/plugins/com.st.stm32cube.ide.mcu.externaltools.gnu-tools-for-stm32.10.3-2021.10.win32_1.0.100.202210260954/tools/bin/../lib/gcc/arm-none-eabi/10.3.1/thumb/v7e-m+fp/hard/crti.o
 .data          0x0000000000000000        0x0 k:/stm/stm32cubeide_1.11.2/stm32cubeide/plugins/com.st.stm32cube.ide.mcu.externaltools.gnu-tools-for-stm32.10.3-2021.10.win32_1.0.100.202210260954/tools/bin/../lib/gcc/arm-none-eabi/10.3.1/thumb/v7e-m+fp/hard/crti.o
 .bss           0x0000000000000000        0x0 k:/stm/stm32cubeide_1.11.2/stm32cubeide/plugins/com.st.stm32cube.ide.mcu.externaltools.gnu-tools-for-stm32.10.3-2021.10.win32_1.0.100.202210260954/tools/bin/../lib/gcc/arm-none-eabi/10.3.1/thumb/v7e-m+fp/hard/crti.o
 .data          0x0000000000000000        0x4 k:/stm/stm32cubeide_1.11.2/stm32cubeide/plugins/com.st.stm32cube.ide.mcu.externaltools.gnu-tools-for-stm32.10.3-2021.10.win32_1.0.100.202210260954/tools/bin/../lib/gcc/arm-none-eabi/10.3.1/thumb/v7e-m+fp/hard/crtbegin.o
[...]
Memory Configuration

Name             Origin             Length             Attributes
RAM              0x0000000020000000 0x0000000000018000 xrw
FLASH            0x0000000008000000 0x0000000000080000 xr
*default*        0x0000000000000000 0xffffffffffffffff

Linker script and memory map

LOAD k:/stm/stm32cubeide_1.11.2/stm32cubeide/plugins/com.st.stm32cube.ide.mcu.externaltools.gnu-tools-for-stm32.10.3-2021.10.win32_1.0.100.202210260954/tools/bin/../lib/gcc/arm-none-eabi/10.3.1/thumb/v7e-m+fp/hard/crti.o
LOAD k:/stm/stm32cubeide_1.11.2/stm32cubeide/plugins/com.st.stm32cube.ide.mcu.externaltools.gnu-tools-for-stm32.10.3-2021.10.win32_1.0.100.202210260954/tools/bin/../lib/gcc/arm-none-eabi/10.3.1/thumb/v7e-m+fp/hard/crtbegin.o
LOAD k:/stm/stm32cubeide_1.11.2/stm32cubeide/plugins/com.st.stm32cube.ide.mcu.externaltools.gnu-tools-for-stm32.10.3-2021.10.win32_1.0.100.202210260954/tools/bin/../lib/gcc/arm-none-eabi/10.3.1/../../../../arm-none-eabi/lib/thumb/v7e-m+fp/hard/crt0.o
LOAD ./Src/main.o
LOAD ./Src/syscalls.o
LOAD ./Src/sysmem.o
LOAD ./Startup/startup_stm32f401retx.o
LOAD G:\F401\SDK_1.0.3_NUCLEO-F401RE\lib_stm\libLibraries.a
START GROUP
LOAD k:/stm/stm32cubeide_1.11.2/stm32cubeide/plugins/com.st.stm32cube.ide.mcu.externaltools.gnu-tools-for-stm32.10.3-2021.10.win32_1.0.100.202210260954/tools/bin/../lib/gcc/arm-none-eabi/10.3.1/../../../../arm-none-eabi/lib/thumb/v7e-m+fp/hard\libc_nano.a
LOAD k:/stm/stm32cubeide_1.11.2/stm32cubeide/plugins/com.st.stm32cube.ide.mcu.externaltools.gnu-tools-for-stm32.10.3-2021.10.win32_1.0.100.202210260954/tools/bin/../lib/gcc/arm-none-eabi/10.3.1/../../../../arm-none-eabi/lib/thumb/v7e-m+fp/hard\libm.a
END GROUP
START GROUP
LOAD k:/stm/stm32cubeide_1.11.2/stm32cubeide/plugins/com.st.stm32cube.ide.mcu.externaltools.gnu-tools-for-stm32.10.3-2021.10.win32_1.0.100.202210260954/tools/bin/../lib/gcc/arm-none-eabi/10.3.1/thumb/v7e-m+fp/hard\libgcc.a
LOAD k:/stm/stm32cubeide_1.11.2/stm32cubeide/plugins/com.st.stm32cube.ide.mcu.externaltools.gnu-tools-for-stm32.10.3-2021.10.win32_1.0.100.202210260954/tools/bin/../lib/gcc/arm-none-eabi/10.3.1/../../../../arm-none-eabi/lib/thumb/v7e-m+fp/hard\libc_nano.a
END GROUP
START GROUP
LOAD k:/stm/stm32cubeide_1.11.2/stm32cubeide/plugins/com.st.stm32cube.ide.mcu.externaltools.gnu-tools-for-stm32.10.3-2021.10.win32_1.0.100.202210260954/tools/bin/../lib/gcc/arm-none-eabi/10.3.1/thumb/v7e-m+fp/hard\libgcc.a
LOAD k:/stm/stm32cubeide_1.11.2/stm32cubeide/plugins/com.st.stm32cube.ide.mcu.externaltools.gnu-tools-for-stm32.10.3-2021.10.win32_1.0.100.202210260954/tools/bin/../lib/gcc/arm-none-eabi/10.3.1/../../../../arm-none-eabi/lib/thumb/v7e-m+fp/hard\libc_nano.a
LOAD k:/stm/stm32cubeide_1.11.2/stm32cubeide/plugins/com.st.stm32cube.ide.mcu.externaltools.gnu-tools-for-stm32.10.3-2021.10.win32_1.0.100.202210260954/tools/bin/../lib/gcc/arm-none-eabi/10.3.1/../../../../arm-none-eabi/lib/thumb/v7e-m+fp/hard\libnosys.a
END GROUP
START GROUP
LOAD k:/stm/stm32cubeide_1.11.2/stm32cubeide/plugins/com.st.stm32cube.ide.mcu.externaltools.gnu-tools-for-stm32.10.3-2021.10.win32_1.0.100.202210260954/tools/bin/../lib/gcc/arm-none-eabi/10.3.1/thumb/v7e-m+fp/hard\libgcc.a
LOAD k:/stm/stm32cubeide_1.11.2/stm32cubeide/plugins/com.st.stm32cube.ide.mcu.externaltools.gnu-tools-for-stm32.10.3-2021.10.win32_1.0.100.202210260954/tools/bin/../lib/gcc/arm-none-eabi/10.3.1/../../../../arm-none-eabi/lib/thumb/v7e-m+fp/hard\libc_nano.a
LOAD k:/stm/stm32cubeide_1.11.2/stm32cubeide/plugins/com.st.stm32cube.ide.mcu.externaltools.gnu-tools-for-stm32.10.3-2021.10.win32_1.0.100.202210260954/tools/bin/../lib/gcc/arm-none-eabi/10.3.1/../../../../arm-none-eabi/lib/thumb/v7e-m+fp/hard\libnosys.a
END GROUP
LOAD k:/stm/stm32cubeide_1.11.2/stm32cubeide/plugins/com.st.stm32cube.ide.mcu.externaltools.gnu-tools-for-stm32.10.3-2021.10.win32_1.0.100.202210260954/tools/bin/../lib/gcc/arm-none-eabi/10.3.1/thumb/v7e-m+fp/hard/crtend.o
LOAD k:/stm/stm32cubeide_1.11.2/stm32cubeide/plugins/com.st.stm32cube.ide.mcu.externaltools.gnu-tools-for-stm32.10.3-2021.10.win32_1.0.100.202210260954/tools/bin/../lib/gcc/arm-none-eabi/10.3.1/thumb/v7e-m+fp/hard/crtn.o
                0x0000000020018000                _estack = (ORIGIN (RAM) + LENGTH (RAM))
                0x0000000000000200                _Min_Heap_Size = 0x200
                0x0000000000000400                _Min_Stack_Size = 0x400

.isr_vector     0x0000000008000000      0x194
                0x0000000008000000                . = ALIGN (0x4)
 *(.isr_vector)
 .isr_vector    0x0000000008000000      0x194 ./Startup/startup_stm32f401retx.o
                0x0000000008000000                g_pfnVectors
                0x0000000008000194                . = ALIGN (0x4)

.text           0x0000000008000194     0x1284
                0x0000000008000194                . = ALIGN (0x4)
 *(.text)
 .text          0x0000000008000194       0x40 k:/stm/stm32cubeide_1.11.2/stm32cubeide/plugins/com.st.stm32cube.ide.mcu.externaltools.gnu-tools-for-stm32.10.3-2021.10.win32_1.0.100.202210260954/tools/bin/../lib/gcc/arm-none-eabi/10.3.1/thumb/v7e-m+fp/hard/crtbegin.o
 *(.text*)
 .text.main     0x00000000080001d4        0xe ./Src/main.o
                0x00000000080001d4                main
 .text.AppInitCommon
                0x00000000080001e2       0x18 ./Src/main.o
 *fill*         0x00000000080001fa        0x2 
 .text.MultiSensorScan
                0x00000000080001fc       0x84 ./Src/main.o
 .text.LightSensor_MeasureUseDMA
                0x0000000008000280       0x18 ./Src/main.o
                0x0000000008000280                LightSensor_MeasureUseDMA
 .text.LightSensor_Init1
                0x0000000008000298      0x128 ./Src/main.o
                0x0000000008000298                LightSensor_Init1
 .text.USART1_Init
                0x00000000080003c0       0x80 ./Src/main.o
 .text.Reset_Handler
                0x0000000008000440       0x50 ./Startup/startup_stm32f401retx.o
                0x0000000008000440                Reset_Handler
 .text.Default_Handler
                0x0000000008000490        0x2 ./Startup/startup_stm32f401retx.o
                0x0000000008000490                EXTI2_IRQHandler
                0x0000000008000490                DebugMon_Handler
                0x0000000008000490                SPI4_IRQHandler
                0x0000000008000490                TIM1_CC_IRQHandler
                0x0000000008000490                DMA2_Stream5_IRQHandler
                0x0000000008000490                HardFault_Handler
                0x0000000008000490                DMA1_Stream5_IRQHandler
                0x0000000008000490                SDIO_IRQHandler
                0x0000000008000490                TAMP_STAMP_IRQHandler
                0x0000000008000490                PendSV_Handler
                0x0000000008000490                NMI_Handler
                0x0000000008000490                EXTI3_IRQHandler
                0x0000000008000490                TIM1_UP_TIM10_IRQHandler
                0x0000000008000490                I2C3_ER_IRQHandler
                0x0000000008000490                EXTI18_OTG_FS_WKUP_IRQHandler
                0x0000000008000490                EXTI0_IRQHandler
                0x0000000008000490                I2C2_EV_IRQHandler
                0x0000000008000490                DMA1_Stream2_IRQHandler
                0x0000000008000490                UsageFault_Handler
                0x0000000008000490                DMA2_Stream2_IRQHandler
                0x0000000008000490                SPI1_IRQHandler
                0x0000000008000490                TIM1_BRK_TIM9_IRQHandler
                0x0000000008000490                DMA2_Stream3_IRQHandler
                0x0000000008000490                USART6_IRQHandler
                0x0000000008000490                DMA2_Stream0_IRQHandler
                0x0000000008000490                TIM4_IRQHandler
                0x0000000008000490                I2C1_EV_IRQHandler
                0x0000000008000490                DMA1_Stream6_IRQHandler
                0x0000000008000490                DMA1_Stream1_IRQHandler
                0x0000000008000490                TIM3_IRQHandler
                0x0000000008000490                RCC_IRQHandler
                0x0000000008000490                Default_Handler
                0x0000000008000490                EXTI15_10_IRQHandler
                0x0000000008000490                ADC_IRQHandler
                0x0000000008000490                DMA1_Stream7_IRQHandler
                0x0000000008000490                TIM5_IRQHandler
                0x0000000008000490                DMA2_Stream7_IRQHandler
                0x0000000008000490                I2C3_EV_IRQHandler
                0x0000000008000490                EXTI9_5_IRQHandler
                0x0000000008000490                SPI2_IRQHandler
                0x0000000008000490                MemManage_Handler
                0x0000000008000490                DMA1_Stream0_IRQHandler
                0x0000000008000490                SVC_Handler
                0x0000000008000490                EXTI4_IRQHandler
                0x0000000008000490                EXTI22_RTC_WKUP_IRQHandler
                0x0000000008000490                TIM2_IRQHandler
                0x0000000008000490                EXTI16_PVD_IRQHandler
                0x0000000008000490                TIM1_TRG_COM_TIM11_IRQHandler
                0x0000000008000490                EXTI1_IRQHandler
                0x0000000008000490                EXTI17_RTC_Alarm_IRQHandler
                0x0000000008000490                USART2_IRQHandler
                0x0000000008000490                I2C2_ER_IRQHandler
                0x0000000008000490                DMA2_Stream1_IRQHandler
                0x0000000008000490                FLASH_IRQHandler
                0x0000000008000490                DMA2_Stream4_IRQHandler
                0x0000000008000490                BusFault_Handler
                0x0000000008000490                USART1_IRQHandler
                0x0000000008000490                OTG_FS_IRQHandler
                0x0000000008000490                SPI3_IRQHandler
                0x0000000008000490                DMA1_Stream4_IRQHandler
                0x0000000008000490                I2C1_ER_IRQHandler
                0x0000000008000490                DMA2_Stream6_IRQHandler
                0x0000000008000490                DMA1_Stream3_IRQHandler
 *fill*         0x0000000008000492        0x2 
 .text.SystemInit
                0x0000000008000494       0x6c G:\F401\SDK_1.0.3_NUCLEO-F401RE\lib_stm\libLibraries.a(system_stm32f4xx.o)
                0x0000000008000494                SystemInit
 .text.SystemCoreClockUpdate
                0x0000000008000500       0xf8 G:\F401\SDK_1.0.3_NUCLEO-F401RE\lib_stm\libLibraries.a(system_stm32f4xx.o)
                0x0000000008000500                SystemCoreClockUpdate
 .text.SetSysClock
                0x00000000080005f8       0xa0 G:\F401\SDK_1.0.3_NUCLEO-F401RE\lib_stm\libLibraries.a(system_stm32f4xx.o)
 .text.ADC_DeInit
                0x0000000008000698       0x1c G:\F401\SDK_1.0.3_NUCLEO-F401RE\lib_stm\libLibraries.a(stm32f401re_adc.o)
                0x0000000008000698                ADC_DeInit
 .text.ADC_Init
                0x00000000080006b4       0xac G:\F401\SDK_1.0.3_NUCLEO-F401RE\lib_stm\libLibraries.a(stm32f401re_adc.o)
                0x00000000080006b4                ADC_Init
 .text.ADC_CommonInit
                0x0000000008000760       0x50 G:\F401\SDK_1.0.3_NUCLEO-F401RE\lib_stm\libLibraries.a(stm32f401re_adc.o)
                0x0000000008000760                ADC_CommonInit
 .text.ADC_Cmd  0x00000000080007b0       0x38 G:\F401\SDK_1.0.3_NUCLEO-F401RE\lib_stm\libLibraries.a(stm32f401re_adc.o)
                0x00000000080007b0                ADC_Cmd
 .text.ADC_RegularChannelConfig
                0x00000000080007e8      0x194 G:\F401\SDK_1.0.3_NUCLEO-F401RE\lib_stm\libLibraries.a(stm32f401re_adc.o)
                0x00000000080007e8                ADC_RegularChannelConfig
 .text.ADC_SoftwareStartConv
                0x000000000800097c       0x20 G:\F401\SDK_1.0.3_NUCLEO-F401RE\lib_stm\libLibraries.a(stm32f401re_adc.o)
                0x000000000800097c                ADC_SoftwareStartConv
 .text.ADC_DMACmd
                0x000000000800099c       0x38 G:\F401\SDK_1.0.3_NUCLEO-F401RE\lib_stm\libLibraries.a(stm32f401re_adc.o)
                0x000000000800099c                ADC_DMACmd
 .text.ADC_DMARequestAfterLastTransferCmd
                0x00000000080009d4       0x38 G:\F401\SDK_1.0.3_NUCLEO-F401RE\lib_stm\libLibraries.a(stm32f401re_adc.o)
                0x00000000080009d4                ADC_DMARequestAfterLastTransferCmd
 .text.DMA_DeInit
                0x0000000008000a0c      0x1a8 G:\F401\SDK_1.0.3_NUCLEO-F401RE\lib_stm\libLibraries.a(stm32f401re_dma.o)
                0x0000000008000a0c                DMA_DeInit
 .text.DMA_Init
                0x0000000008000bb4       0xb0 G:\F401\SDK_1.0.3_NUCLEO-F401RE\lib_stm\libLibraries.a(stm32f401re_dma.o)
                0x0000000008000bb4                DMA_Init
 .text.DMA_Cmd  0x0000000008000c64       0x38 G:\F401\SDK_1.0.3_NUCLEO-F401RE\lib_stm\libLibraries.a(stm32f401re_dma.o)
                0x0000000008000c64                DMA_Cmd
 .text.GPIO_Init
                0x0000000008000c9c      0x11c G:\F401\SDK_1.0.3_NUCLEO-F401RE\lib_stm\libLibraries.a(stm32f401re_gpio.o)
                0x0000000008000c9c                GPIO_Init
 .text.GPIO_PinAFConfig
                0x0000000008000db8       0x92 G:\F401\SDK_1.0.3_NUCLEO-F401RE\lib_stm\libLibraries.a(stm32f401re_gpio.o)
                0x0000000008000db8                GPIO_PinAFConfig
 *fill*         0x0000000008000e4a        0x2 
 .text.RCC_GetClocksFreq
                0x0000000008000e4c      0x150 G:\F401\SDK_1.0.3_NUCLEO-F401RE\lib_stm\libLibraries.a(stm32f401re_rcc.o)
                0x0000000008000e4c                RCC_GetClocksFreq
 .text.RCC_AHB1PeriphClockCmd
                0x0000000008000f9c       0x40 G:\F401\SDK_1.0.3_NUCLEO-F401RE\lib_stm\libLibraries.a(stm32f401re_rcc.o)
                0x0000000008000f9c                RCC_AHB1PeriphClockCmd
 .text.RCC_APB1PeriphClockCmd
                0x0000000008000fdc       0x40 G:\F401\SDK_1.0.3_NUCLEO-F401RE\lib_stm\libLibraries.a(stm32f401re_rcc.o)
                0x0000000008000fdc                RCC_APB1PeriphClockCmd
 .text.RCC_APB2PeriphClockCmd
                0x000000000800101c       0x40 G:\F401\SDK_1.0.3_NUCLEO-F401RE\lib_stm\libLibraries.a(stm32f401re_rcc.o)
                0x000000000800101c                RCC_APB2PeriphClockCmd
 .text.RCC_APB2PeriphResetCmd
                0x000000000800105c       0x40 G:\F401\SDK_1.0.3_NUCLEO-F401RE\lib_stm\libLibraries.a(stm32f401re_rcc.o)
                0x000000000800105c                RCC_APB2PeriphResetCmd
 .text.USART_Init
                0x000000000800109c      0x174 G:\F401\SDK_1.0.3_NUCLEO-F401RE\lib_stm\libLibraries.a(stm32f401re_usart.o)
                0x000000000800109c                USART_Init
 .text.USART_Cmd
                0x0000000008001210       0x40 G:\F401\SDK_1.0.3_NUCLEO-F401RE\lib_stm\libLibraries.a(stm32f401re_usart.o)
                0x0000000008001210                USART_Cmd
 .text.USART_SendData
                0x0000000008001250       0x24 G:\F401\SDK_1.0.3_NUCLEO-F401RE\lib_stm\libLibraries.a(stm32f401re_usart.o)
                0x0000000008001250                USART_SendData
 .text.NVIC_SetPriority
                0x0000000008001274       0x54 G:\F401\SDK_1.0.3_NUCLEO-F401RE\lib_stm\libLibraries.a(timer.o)
 .text.SysTick_Config
                0x00000000080012c8       0x44 G:\F401\SDK_1.0.3_NUCLEO-F401RE\lib_stm\libLibraries.a(timer.o)
 .text.TimerInit
                0x000000000800130c       0x44 G:\F401\SDK_1.0.3_NUCLEO-F401RE\lib_stm\libLibraries.a(timer.o)
                0x000000000800130c                TimerInit
 .text.GetMilSecTick
                0x0000000008001350       0x18 G:\F401\SDK_1.0.3_NUCLEO-F401RE\lib_stm\libLibraries.a(timer.o)
                0x0000000008001350                GetMilSecTick
 .text.SysTick_Handler
                0x0000000008001368       0x1c G:\F401\SDK_1.0.3_NUCLEO-F401RE\lib_stm\libLibraries.a(timer.o)
                0x0000000008001368                SysTick_Handler
 .text.memsetl  0x0000000008001384       0x32 G:\F401\SDK_1.0.3_NUCLEO-F401RE\lib_stm\libLibraries.a(utilities.o)
                0x0000000008001384                memsetl
 *fill*         0x00000000080013b6        0x2 
 .text.__libc_init_array
                0x00000000080013b8       0x48 k:/stm/stm32cubeide_1.11.2/stm32cubeide/plugins/com.st.stm32cube.ide.mcu.externaltools.gnu-tools-for-stm32.10.3-2021.10.win32_1.0.100.202210260954/tools/bin/../lib/gcc/arm-none-eabi/10.3.1/../../../../arm-none-eabi/lib/thumb/v7e-m+fp/hard\libc_nano.a(lib_a-init.o)
                0x00000000080013b8                __libc_init_array
 *(.glue_7)
 .glue_7        0x0000000008001400        0x0 linker stubs
 *(.glue_7t)
 .glue_7t       0x0000000008001400        0x0 linker stubs
 *(.eh_frame)
 .eh_frame      0x0000000008001400        0x0 k:/stm/stm32cubeide_1.11.2/stm32cubeide/plugins/com.st.stm32cube.ide.mcu.externaltools.gnu-tools-for-stm32.10.3-2021.10.win32_1.0.100.202210260954/tools/bin/../lib/gcc/arm-none-eabi/10.3.1/thumb/v7e-m+fp/hard/crtbegin.o
 *(.init)
 .init          0x0000000008001400        0x4 k:/stm/stm32cubeide_1.11.2/stm32cubeide/plugins/com.st.stm32cube.ide.mcu.externaltools.gnu-tools-for-stm32.10.3-2021.10.win32_1.0.100.202210260954/tools/bin/../lib/gcc/arm-none-eabi/10.3.1/thumb/v7e-m+fp/hard/crti.o
                0x0000000008001400                _init
 .init          0x0000000008001404        0x8 k:/stm/stm32cubeide_1.11.2/stm32cubeide/plugins/com.st.stm32cube.ide.mcu.externaltools.gnu-tools-for-stm32.10.3-2021.10.win32_1.0.100.202210260954/tools/bin/../lib/gcc/arm-none-eabi/10.3.1/thumb/v7e-m+fp/hard/crtn.o
 *(.fini)
 .fini          0x000000000800140c        0x4 k:/stm/stm32cubeide_1.11.2/stm32cubeide/plugins/com.st.stm32cube.ide.mcu.externaltools.gnu-tools-for-stm32.10.3-2021.10.win32_1.0.100.202210260954/tools/bin/../lib/gcc/arm-none-eabi/10.3.1/thumb/v7e-m+fp/hard/crti.o
                0x000000000800140c                _fini
 .fini          0x0000000008001410        0x8 k:/stm/stm32cubeide_1.11.2/stm32cubeide/plugins/com.st.stm32cube.ide.mcu.externaltools.gnu-tools-for-stm32.10.3-2021.10.win32_1.0.100.202210260954/tools/bin/../lib/gcc/arm-none-eabi/10.3.1/thumb/v7e-m+fp/hard/crtn.o
                0x0000000008001418                . = ALIGN (0x4)
                0x0000000008001418                _etext = .

.vfp11_veneer   0x0000000008001418        0x0
 .vfp11_veneer  0x0000000008001418        0x0 linker stubs

.v4_bx          0x0000000008001418        0x0
 .v4_bx         0x0000000008001418        0x0 linker stubs

.iplt           0x0000000008001418        0x0
 .iplt          0x0000000008001418        0x0 k:/stm/stm32cubeide_1.11.2/stm32cubeide/plugins/com.st.stm32cube.ide.mcu.externaltools.gnu-tools-for-stm32.10.3-2021.10.win32_1.0.100.202210260954/tools/bin/../lib/gcc/arm-none-eabi/10.3.1/thumb/v7e-m+fp/hard/crtbegin.o

.rel.dyn        0x0000000008001418        0x0
 .rel.iplt      0x0000000008001418        0x0 k:/stm/stm32cubeide_1.11.2/stm32cubeide/plugins/com.st.stm32cube.ide.mcu.externaltools.gnu-tools-for-stm32.10.3-2021.10.win32_1.0.100.202210260954/tools/bin/../lib/gcc/arm-none-eabi/10.3.1/thumb/v7e-m+fp/hard/crtbegin.o

.rodata         0x0000000008001418        0x0
                0x0000000008001418                . = ALIGN (0x4)
 *(.rodata)
 *(.rodata*)
                0x0000000008001418                . = ALIGN (0x4)

.ARM.extab      0x0000000008001418        0x0
                0x0000000008001418                . = ALIGN (0x4)
 *(.ARM.extab* .gnu.linkonce.armextab.*)
                0x0000000008001418                . = ALIGN (0x4)

.ARM            0x0000000008001418        0x0
                0x0000000008001418                . = ALIGN (0x4)
                0x0000000008001418                __exidx_start = .
 *(.ARM.exidx*)
                0x0000000008001418                __exidx_end = .
                0x0000000008001418                . = ALIGN (0x4)

.preinit_array  0x0000000008001418        0x0
                0x0000000008001418                . = ALIGN (0x4)
                0x0000000008001418                PROVIDE (__preinit_array_start = .)
 *(.preinit_array*)
                0x0000000008001418                PROVIDE (__preinit_array_end = .)
                0x0000000008001418                . = ALIGN (0x4)

.init_array     0x0000000008001418        0x4
                0x0000000008001418                . = ALIGN (0x4)
                0x0000000008001418                PROVIDE (__init_array_start = .)
 *(SORT_BY_NAME(.init_array.*))
 *(.init_array*)
 .init_array    0x0000000008001418        0x4 k:/stm/stm32cubeide_1.11.2/stm32cubeide/plugins/com.st.stm32cube.ide.mcu.externaltools.gnu-tools-for-stm32.10.3-2021.10.win32_1.0.100.202210260954/tools/bin/../lib/gcc/arm-none-eabi/10.3.1/thumb/v7e-m+fp/hard/crtbegin.o
                0x000000000800141c                PROVIDE (__init_array_end = .)
                0x000000000800141c                . = ALIGN (0x4)

.fini_array     0x000000000800141c        0x4
                0x000000000800141c                . = ALIGN (0x4)
                [!provide]                        PROVIDE (__fini_array_start = .)
 *(SORT_BY_NAME(.fini_array.*))
 *(.fini_array*)
 .fini_array    0x000000000800141c        0x4 k:/stm/stm32cubeide_1.11.2/stm32cubeide/plugins/com.st.stm32cube.ide.mcu.externaltools.gnu-tools-for-stm32.10.3-2021.10.win32_1.0.100.202210260954/tools/bin/../lib/gcc/arm-none-eabi/10.3.1/thumb/v7e-m+fp/hard/crtbegin.o
                [!provide]                        PROVIDE (__fini_array_end = .)
                0x0000000008001420                . = ALIGN (0x4)
                0x0000000008001420                _sidata = LOADADDR (.data)

.data           0x0000000020000000       0x24 load address 0x0000000008001420
                0x0000000020000000                . = ALIGN (0x4)
                0x0000000020000000                _sdata = .
 *(.data)
 *(.data*)
 .data.SystemCoreClock
                0x0000000020000000        0x4 G:\F401\SDK_1.0.3_NUCLEO-F401RE\lib_stm\libLibraries.a(system_stm32f4xx.o)
                0x0000000020000000                SystemCoreClock
 .data.AHBPrescTable
                0x0000000020000004       0x10 G:\F401\SDK_1.0.3_NUCLEO-F401RE\lib_stm\libLibraries.a(system_stm32f4xx.o)
                0x0000000020000004                AHBPrescTable
 .data.APBAHBPrescTable
                0x0000000020000014       0x10 G:\F401\SDK_1.0.3_NUCLEO-F401RE\lib_stm\libLibraries.a(stm32f401re_rcc.o)
 *(.RamFunc)
 *(.RamFunc*)
                0x0000000020000024                . = ALIGN (0x4)
                0x0000000020000024                _edata = .

.igot.plt       0x0000000020000024        0x0 load address 0x0000000008001444
 .igot.plt      0x0000000020000024        0x0 k:/stm/stm32cubeide_1.11.2/stm32cubeide/plugins/com.st.stm32cube.ide.mcu.externaltools.gnu-tools-for-stm32.10.3-2021.10.win32_1.0.100.202210260954/tools/bin/../lib/gcc/arm-none-eabi/10.3.1/thumb/v7e-m+fp/hard/crtbegin.o
                0x0000000020000024                . = ALIGN (0x4)

.bss            0x0000000020000024      0x1ac load address 0x0000000008001444
                0x0000000020000024                _sbss = .
                0x0000000020000024                __bss_start__ = _sbss
 *(.bss)
 .bss           0x0000000020000024       0x1c k:/stm/stm32cubeide_1.11.2/stm32cubeide/plugins/com.st.stm32cube.ide.mcu.externaltools.gnu-tools-for-stm32.10.3-2021.10.win32_1.0.100.202210260954/tools/bin/../lib/gcc/arm-none-eabi/10.3.1/thumb/v7e-m+fp/hard/crtbegin.o
 *(.bss*)
 .bss.uhADCConvertedValue
                0x0000000020000040        0x2 ./Src/main.o
 .bss.Light     0x0000000020000042        0x2 ./Src/main.o
                0x0000000020000042                Light
 .bss.dwTimeInit.1
                0x0000000020000044        0x4 ./Src/main.o
 .bss.dwTimeTotal.0
                0x0000000020000048        0x4 ./Src/main.o
 .bss.g_pTimerHandle
                0x000000002000004c      0x180 G:\F401\SDK_1.0.3_NUCLEO-F401RE\lib_stm\libLibraries.a(timer.o)
 .bss.g_wMilSecTickTimer
                0x00000000200001cc        0x4 G:\F401\SDK_1.0.3_NUCLEO-F401RE\lib_stm\libLibraries.a(timer.o)
 *(COMMON)
                0x00000000200001d0                . = ALIGN (0x4)
                0x00000000200001d0                _ebss = .
                0x00000000200001d0                __bss_end__ = _ebss

._user_heap_stack
                0x00000000200001d0      0x600 load address 0x0000000008001444
                0x00000000200001d0                . = ALIGN (0x8)
                [!provide]                        PROVIDE (end = .)
                0x00000000200001d0                PROVIDE (_end = .)
                0x00000000200003d0                . = (. + _Min_Heap_Size)
 *fill*         0x00000000200001d0      0x200 
                0x00000000200007d0                . = (. + _Min_Stack_Size)
 *fill*         0x00000000200003d0      0x400 
                0x00000000200007d0                . = ALIGN (0x8)

/DISCARD/
 libc.a(*)
 libm.a(*)
 libgcc.a(*)

.ARM.attributes
                0x0000000000000000       0x30
 *(.ARM.attributes)
 .ARM.attributes
                0x0000000000000000       0x1e k:/stm/stm32cubeide_1.11.2/stm32cubeide/plugins/com.st.stm32cube.ide.mcu.externaltools.gnu-tools-for-stm32.10.3-2021.10.win32_1.0.100.202210260954/tools/bin/../lib/gcc/arm-none-eabi/10.3.1/thumb/v7e-m+fp/hard/crti.o
 .ARM.attributes
                0x000000000000001e       0x34 k:/stm/stm32cubeide_1.11.2/stm32cubeide/plugins/com.st.stm32cube.ide.mcu.externaltools.gnu-tools-for-stm32.10.3-2021.10.win32_1.0.100.202210260954/tools/bin/../lib/gcc/arm-none-eabi/10.3.1/thumb/v7e-m+fp/hard/crtbegin.o
 .ARM.attributes
                0x0000000000000052       0x34 ./Src/main.o
 .ARM.attributes
                0x0000000000000086       0x21 ./Startup/startup_stm32f401retx.o
 .ARM.attributes
                0x00000000000000a7       0x39 G:\F401\SDK_1.0.3_NUCLEO-F401RE\lib_stm\libLibraries.a(system_stm32f4xx.o)
 .ARM.attributes
                0x00000000000000e0       0x39 G:\F401\SDK_1.0.3_NUCLEO-F401RE\lib_stm\libLibraries.a(stm32f401re_adc.o)
 .ARM.attributes
                0x0000000000000119       0x39 G:\F401\SDK_1.0.3_NUCLEO-F401RE\lib_stm\libLibraries.a(stm32f401re_dma.o)
 .ARM.attributes
                0x0000000000000152       0x39 G:\F401\SDK_1.0.3_NUCLEO-F401RE\lib_stm\libLibraries.a(stm32f401re_gpio.o)
 .ARM.attributes
                0x000000000000018b       0x39 G:\F401\SDK_1.0.3_NUCLEO-F401RE\lib_stm\libLibraries.a(stm32f401re_rcc.o)
 .ARM.attributes
                0x00000000000001c4       0x39 G:\F401\SDK_1.0.3_NUCLEO-F401RE\lib_stm\libLibraries.a(stm32f401re_usart.o)
 .ARM.attributes
                0x00000000000001fd       0x39 G:\F401\SDK_1.0.3_NUCLEO-F401RE\lib_stm\libLibraries.a(timer.o)
 .ARM.attributes
                0x0000000000000236       0x39 G:\F401\SDK_1.0.3_NUCLEO-F401RE\lib_stm\libLibraries.a(utilities.o)
 .ARM.attributes
                0x000000000000026f       0x34 k:/stm/stm32cubeide_1.11.2/stm32cubeide/plugins/com.st.stm32cube.ide.mcu.externaltools.gnu-tools-for-stm32.10.3-2021.10.win32_1.0.100.202210260954/tools/bin/../lib/gcc/arm-none-eabi/10.3.1/../../../../arm-none-eabi/lib/thumb/v7e-m+fp/hard\libc_nano.a(lib_a-init.o)
 .ARM.attributes
                0x00000000000002a3       0x1e k:/stm/stm32cubeide_1.11.2/stm32cubeide/plugins/com.st.stm32cube.ide.mcu.externaltools.gnu-tools-for-stm32.10.3-2021.10.win32_1.0.100.202210260954/tools/bin/../lib/gcc/arm-none-eabi/10.3.1/thumb/v7e-m+fp/hard/crtn.o
OUTPUT(Lab8_2.elf elf32-littlearm)
LOAD linker stubs
LOAD k:/stm/stm32cubeide_1.11.2/stm32cubeide/plugins/com.st.stm32cube.ide.mcu.externaltools.gnu-tools-for-stm32.10.3-2021.10.win32_1.0.100.202210260954/tools/bin/../lib/gcc/arm-none-eabi/10.3.1/../../../../arm-none-eabi/lib/thumb/v7e-m+fp/hard\libc.a
LOAD k:/stm/stm32cubeide_1.11.2/stm32cubeide/plugins/com.st.stm32cube.ide.mcu.externaltools.gnu-tools-for-stm32.10.3-2021.10.win32_1.0.100.202210260954/tools/bin/../lib/gcc/arm-none-eabi/10.3.1/../../../../arm-none-eabi/lib/thumb/v7e-m+fp/hard\libm.a
LOAD k:/stm/stm32cubeide_1.11.2/stm32cubeide/plugins/com.st.stm32cube.ide.mcu.externaltools.gnu-tools-for-stm32.10.3-2021.10.win32_1.0.100.202210260954/tools/bin/../lib/gcc/arm-none-eabi/10.3.1/thumb/v7e-m+fp/hard\libgcc.a

.debug_info     0x0000000000000000     0x4db7
 .debug_info    0x0000000000000000      0xaf6 ./Src/main.o
 .debug_info    0x0000000000000af6       0x22 ./Startup/startup_stm32f401retx.o
 .debug_info    0x0000000000000b18      0x5bb G:\F401\SDK_1.0.3_NUCLEO-F401RE\lib_stm\libLibraries.a(system_stm32f4xx.o)
 .debug_info    0x00000000000010d3      0xc5d G:\F401\SDK_1.0.3_NUCLEO-F401RE\lib_stm\libLibraries.a(stm32f401re_adc.o)
 .debug_info    0x0000000000001d30      0x74b G:\F401\SDK_1.0.3_NUCLEO-F401RE\lib_stm\libLibraries.a(stm32f401re_dma.o)
 .debug_info    0x000000000000247b      0x62b G:\F401\SDK_1.0.3_NUCLEO-F401RE\lib_stm\libLibraries.a(stm32f401re_gpio.o)
 .debug_info    0x0000000000002aa6      0xd5e G:\F401\SDK_1.0.3_NUCLEO-F401RE\lib_stm\libLibraries.a(stm32f401re_rcc.o)
 .debug_info    0x0000000000003804      0x9d4 G:\F401\SDK_1.0.3_NUCLEO-F401RE\lib_stm\libLibraries.a(stm32f401re_usart.o)
 .debug_info    0x00000000000041d8      0x922 G:\F401\SDK_1.0.3_NUCLEO-F401RE\lib_stm\libLibraries.a(timer.o)
 .debug_info    0x0000000000004afa      0x2bd G:\F401\SDK_1.0.3_NUCLEO-F401RE\lib_stm\libLibraries.a(utilities.o)

.debug_abbrev   0x0000000000000000      0xef9
 .debug_abbrev  0x0000000000000000      0x22c ./Src/main.o
 .debug_abbrev  0x000000000000022c       0x12 ./Startup/startup_stm32f401retx.o
 .debug_abbrev  0x000000000000023e      0x138 G:\F401\SDK_1.0.3_NUCLEO-F401RE\lib_stm\libLibraries.a(system_stm32f4xx.o)
 .debug_abbrev  0x0000000000000376      0x194 G:\F401\SDK_1.0.3_NUCLEO-F401RE\lib_stm\libLibraries.a(stm32f401re_adc.o)
 .debug_abbrev  0x000000000000050a      0x16d G:\F401\SDK_1.0.3_NUCLEO-F401RE\lib_stm\libLibraries.a(stm32f401re_dma.o)
 .debug_abbrev  0x0000000000000677      0x1bf G:\F401\SDK_1.0.3_NUCLEO-F401RE\lib_stm\libLibraries.a(stm32f401re_gpio.o)
 .debug_abbrev  0x0000000000000836      0x1d4 G:\F401\SDK_1.0.3_NUCLEO-F401RE\lib_stm\libLibraries.a(stm32f401re_rcc.o)
 .debug_abbrev  0x0000000000000a0a      0x187 G:\F401\SDK_1.0.3_NUCLEO-F401RE\lib_stm\libLibraries.a(stm32f401re_usart.o)
 .debug_abbrev  0x0000000000000b91      0x29a G:\F401\SDK_1.0.3_NUCLEO-F401RE\lib_stm\libLibraries.a(timer.o)
 .debug_abbrev  0x0000000000000e2b       0xce G:\F401\SDK_1.0.3_NUCLEO-F401RE\lib_stm\libLibraries.a(utilities.o)

.debug_aranges  0x0000000000000000      0x678
 .debug_aranges
                0x0000000000000000       0x50 ./Src/main.o
 .debug_aranges
                0x0000000000000050       0x28 ./Startup/startup_stm32f401retx.o
 .debug_aranges
                0x0000000000000078       0x30 G:\F401\SDK_1.0.3_NUCLEO-F401RE\lib_stm\libLibraries.a(system_stm32f4xx.o)
 .debug_aranges
                0x00000000000000a8      0x148 G:\F401\SDK_1.0.3_NUCLEO-F401RE\lib_stm\libLibraries.a(stm32f401re_adc.o)
 .debug_aranges
                0x00000000000001f0       0xb0 G:\F401\SDK_1.0.3_NUCLEO-F401RE\lib_stm\libLibraries.a(stm32f401re_dma.o)
 .debug_aranges
                0x00000000000002a0       0x88 G:\F401\SDK_1.0.3_NUCLEO-F401RE\lib_stm\libLibraries.a(stm32f401re_gpio.o)
 .debug_aranges
                0x0000000000000328      0x198 G:\F401\SDK_1.0.3_NUCLEO-F401RE\lib_stm\libLibraries.a(stm32f401re_rcc.o)
 .debug_aranges
                0x00000000000004c0      0x100 G:\F401\SDK_1.0.3_NUCLEO-F401RE\lib_stm\libLibraries.a(stm32f401re_usart.o)
 .debug_aranges
                0x00000000000005c0       0x70 G:\F401\SDK_1.0.3_NUCLEO-F401RE\lib_stm\libLibraries.a(timer.o)
 .debug_aranges
                0x0000000000000630       0x48 G:\F401\SDK_1.0.3_NUCLEO-F401RE\lib_stm\libLibraries.a(utilities.o)

.debug_ranges   0x0000000000000000      0x5e0
 .debug_ranges  0x0000000000000000       0x40 ./Src/main.o
 .debug_ranges  0x0000000000000040       0x20 ./Startup/startup_stm32f401retx.o
 .debug_ranges  0x0000000000000060       0x20 G:\F401\SDK_1.0.3_NUCLEO-F401RE\lib_stm\libLibraries.a(system_stm32f4xx.o)
 .debug_ranges  0x0000000000000080      0x138 G:\F401\SDK_1.0.3_NUCLEO-F401RE\lib_stm\libLibraries.a(stm32f401re_adc.o)
 .debug_ranges  0x00000000000001b8       0xa0 G:\F401\SDK_1.0.3_NUCLEO-F401RE\lib_stm\libLibraries.a(stm32f401re_dma.o)
 .debug_ranges  0x0000000000000258       0x78 G:\F401\SDK_1.0.3_NUCLEO-F401RE\lib_stm\libLibraries.a(stm32f401re_gpio.o)
 .debug_ranges  0x00000000000002d0      0x188 G:\F401\SDK_1.0.3_NUCLEO-F401RE\lib_stm\libLibraries.a(stm32f401re_rcc.o)
 .debug_ranges  0x0000000000000458       0xf0 G:\F401\SDK_1.0.3_NUCLEO-F401RE\lib_stm\libLibraries.a(stm32f401re_usart.o)
 .debug_ranges  0x0000000000000548       0x60 G:\F401\SDK_1.0.3_NUCLEO-F401RE\lib_stm\libLibraries.a(timer.o)
 .debug_ranges  0x00000000000005a8       0x38 G:\F401\SDK_1.0.3_NUCLEO-F401RE\lib_stm\libLibraries.a(utilities.o)

.debug_macro    0x0000000000000000     0xebb3
 .debug_macro   0x0000000000000000      0x11d ./Src/main.o
 .debug_macro   0x000000000000011d      0xa7e ./Src/main.o
 .debug_macro   0x0000000000000b9b       0x6b ./Src/main.o
 .debug_macro   0x0000000000000c06       0x3b ./Src/main.o
 .debug_macro   0x0000000000000c41       0x22 ./Src/main.o
 .debug_macro   0x0000000000000c63       0x8e ./Src/main.o
 .debug_macro   0x0000000000000cf1       0x51 ./Src/main.o
 .debug_macro   0x0000000000000d42      0x103 ./Src/main.o
 .debug_macro   0x0000000000000e45       0x6a ./Src/main.o
 .debug_macro   0x0000000000000eaf      0x1df ./Src/main.o
 .debug_macro   0x000000000000108e       0x34 ./Src/main.o
 .debug_macro   0x00000000000010c2       0x26 ./Src/main.o
 .debug_macro   0x00000000000010e8      0xe43 ./Src/main.o
 .debug_macro   0x0000000000001f2b     0x8018 ./Src/main.o
 .debug_macro   0x0000000000009f43      0x644 ./Src/main.o
 .debug_macro   0x000000000000a587      0x2f4 ./Src/main.o
 .debug_macro   0x000000000000a87b      0xcad ./Src/main.o
 .debug_macro   0x000000000000b528      0x477 ./Src/main.o
 .debug_macro   0x000000000000b99f      0x223 ./Src/main.o
 .debug_macro   0x000000000000bbc2       0x22 ./Src/main.o
 .debug_macro   0x000000000000bbe4       0xce G:\F401\SDK_1.0.3_NUCLEO-F401RE\lib_stm\libLibraries.a(system_stm32f4xx.o)
 .debug_macro   0x000000000000bcb2      0xa66 G:\F401\SDK_1.0.3_NUCLEO-F401RE\lib_stm\libLibraries.a(system_stm32f4xx.o)
 .debug_macro   0x000000000000c718       0x22 G:\F401\SDK_1.0.3_NUCLEO-F401RE\lib_stm\libLibraries.a(system_stm32f4xx.o)
 .debug_macro   0x000000000000c73a       0xef G:\F401\SDK_1.0.3_NUCLEO-F401RE\lib_stm\libLibraries.a(system_stm32f4xx.o)
 .debug_macro   0x000000000000c829      0x14d G:\F401\SDK_1.0.3_NUCLEO-F401RE\lib_stm\libLibraries.a(stm32f401re_adc.o)
 .debug_macro   0x000000000000c976      0xca7 G:\F401\SDK_1.0.3_NUCLEO-F401RE\lib_stm\libLibraries.a(stm32f401re_adc.o)
 .debug_macro   0x000000000000d61d      0x64a G:\F401\SDK_1.0.3_NUCLEO-F401RE\lib_stm\libLibraries.a(stm32f401re_adc.o)
 .debug_macro   0x000000000000dc67      0x10e G:\F401\SDK_1.0.3_NUCLEO-F401RE\lib_stm\libLibraries.a(stm32f401re_dma.o)
 .debug_macro   0x000000000000dd75      0x471 G:\F401\SDK_1.0.3_NUCLEO-F401RE\lib_stm\libLibraries.a(stm32f401re_dma.o)
 .debug_macro   0x000000000000e1e6       0xc3 G:\F401\SDK_1.0.3_NUCLEO-F401RE\lib_stm\libLibraries.a(stm32f401re_gpio.o)
 .debug_macro   0x000000000000e2a9      0x2ee G:\F401\SDK_1.0.3_NUCLEO-F401RE\lib_stm\libLibraries.a(stm32f401re_gpio.o)
 .debug_macro   0x000000000000e597      0x18d G:\F401\SDK_1.0.3_NUCLEO-F401RE\lib_stm\libLibraries.a(stm32f401re_rcc.o)
 .debug_macro   0x000000000000e724       0xdb G:\F401\SDK_1.0.3_NUCLEO-F401RE\lib_stm\libLibraries.a(stm32f401re_usart.o)
 .debug_macro   0x000000000000e7ff      0x21d G:\F401\SDK_1.0.3_NUCLEO-F401RE\lib_stm\libLibraries.a(stm32f401re_usart.o)
 .debug_macro   0x000000000000ea1c       0xe3 G:\F401\SDK_1.0.3_NUCLEO-F401RE\lib_stm\libLibraries.a(timer.o)
 .debug_macro   0x000000000000eaff       0x1c G:\F401\SDK_1.0.3_NUCLEO-F401RE\lib_stm\libLibraries.a(timer.o)
 .debug_macro   0x000000000000eb1b       0x16 G:\F401\SDK_1.0.3_NUCLEO-F401RE\lib_stm\libLibraries.a(timer.o)
 .debug_macro   0x000000000000eb31       0x72 G:\F401\SDK_1.0.3_NUCLEO-F401RE\lib_stm\libLibraries.a(utilities.o)
 .debug_macro   0x000000000000eba3       0x10 G:\F401\SDK_1.0.3_NUCLEO-F401RE\lib_stm\libLibraries.a(utilities.o)

.debug_line     0x0000000000000000     0x3cc8
 .debug_line    0x0000000000000000      0x690 ./Src/main.o
 .debug_line    0x0000000000000690       0x84 ./Startup/startup_stm32f401retx.o
 .debug_line    0x0000000000000714      0x4a0 G:\F401\SDK_1.0.3_NUCLEO-F401RE\lib_stm\libLibraries.a(system_stm32f4xx.o)
 .debug_line    0x0000000000000bb4      0x84b G:\F401\SDK_1.0.3_NUCLEO-F401RE\lib_stm\libLibraries.a(stm32f401re_adc.o)
 .debug_line    0x00000000000013ff      0x701 G:\F401\SDK_1.0.3_NUCLEO-F401RE\lib_stm\libLibraries.a(stm32f401re_dma.o)
 .debug_line    0x0000000000001b00      0x65e G:\F401\SDK_1.0.3_NUCLEO-F401RE\lib_stm\libLibraries.a(stm32f401re_gpio.o)
 .debug_line    0x000000000000215e      0x8d2 G:\F401\SDK_1.0.3_NUCLEO-F401RE\lib_stm\libLibraries.a(stm32f401re_rcc.o)
 .debug_line    0x0000000000002a30      0x7a5 G:\F401\SDK_1.0.3_NUCLEO-F401RE\lib_stm\libLibraries.a(stm32f401re_usart.o)
 .debug_line    0x00000000000031d5      0x684 G:\F401\SDK_1.0.3_NUCLEO-F401RE\lib_stm\libLibraries.a(timer.o)
 .debug_line    0x0000000000003859      0x46f G:\F401\SDK_1.0.3_NUCLEO-F401RE\lib_stm\libLibraries.a(utilities.o)

.debug_str      0x0000000000000000    0x447f9
 .debug_str     0x0000000000000000    0x41c47 ./Src/main.o
                                      0x41e21 (size before relaxing)
 .debug_str     0x0000000000041c47       0x31 ./Startup/startup_stm32f401retx.o
                                         0x45 (size before relaxing)
 .debug_str     0x0000000000041c78      0x6a4 G:\F401\SDK_1.0.3_NUCLEO-F401RE\lib_stm\libLibraries.a(system_stm32f4xx.o)
                                      0x3583e (size before relaxing)
 .debug_str     0x000000000004231c      0x73f G:\F401\SDK_1.0.3_NUCLEO-F401RE\lib_stm\libLibraries.a(stm32f401re_adc.o)
                                      0x3c852 (size before relaxing)
 .debug_str     0x0000000000042a5b      0x55c G:\F401\SDK_1.0.3_NUCLEO-F401RE\lib_stm\libLibraries.a(stm32f401re_dma.o)
                                      0x38954 (size before relaxing)
 .debug_str     0x0000000000042fb7      0x17d G:\F401\SDK_1.0.3_NUCLEO-F401RE\lib_stm\libLibraries.a(stm32f401re_gpio.o)
                                      0x3a690 (size before relaxing)
 .debug_str     0x0000000000043134      0xb7b G:\F401\SDK_1.0.3_NUCLEO-F401RE\lib_stm\libLibraries.a(stm32f401re_rcc.o)
                                      0x39aa1 (size before relaxing)
 .debug_str     0x0000000000043caf      0x49f G:\F401\SDK_1.0.3_NUCLEO-F401RE\lib_stm\libLibraries.a(stm32f401re_usart.o)
                                      0x3a79e (size before relaxing)
 .debug_str     0x000000000004414e      0x5e6 G:\F401\SDK_1.0.3_NUCLEO-F401RE\lib_stm\libLibraries.a(timer.o)
                                      0x39451 (size before relaxing)
 .debug_str     0x0000000000044734       0xc5 G:\F401\SDK_1.0.3_NUCLEO-F401RE\lib_stm\libLibraries.a(utilities.o)
                                       0x3d14 (size before relaxing)

.comment        0x0000000000000000       0xcb
 .comment       0x0000000000000000       0x50 ./Src/main.o
                                         0x51 (size before relaxing)
 .comment       0x0000000000000050       0x7b G:\F401\SDK_1.0.3_NUCLEO-F401RE\lib_stm\libLibraries.a(system_stm32f4xx.o)
                                         0x7c (size before relaxing)
 .comment       0x00000000000000cb       0x7c G:\F401\SDK_1.0.3_NUCLEO-F401RE\lib_stm\libLibraries.a(stm32f401re_adc.o)
 .comment       0x00000000000000cb       0x7c G:\F401\SDK_1.0.3_NUCLEO-F401RE\lib_stm\libLibraries.a(stm32f401re_dma.o)
 .comment       0x00000000000000cb       0x7c G:\F401\SDK_1.0.3_NUCLEO-F401RE\lib_stm\libLibraries.a(stm32f401re_gpio.o)
 .comment       0x00000000000000cb       0x7c G:\F401\SDK_1.0.3_NUCLEO-F401RE\lib_stm\libLibraries.a(stm32f401re_rcc.o)
 .comment       0x00000000000000cb       0x7c G:\F401\SDK_1.0.3_NUCLEO-F401RE\lib_stm\libLibraries.a(stm32f401re_usart.o)
 .comment       0x00000000000000cb       0x7c G:\F401\SDK_1.0.3_NUCLEO-F401RE\lib_stm\libLibraries.a(timer.o)
 .comment       0x00000000000000cb       0x7c G:\F401\SDK_1.0.3_NUCLEO-F401RE\lib_stm\libLibraries.a(utilities.o)

.debug_frame    0x0000000000000000     0x1b74
 .debug_frame   0x0000000000000000       0xf8 ./Src/main.o
 .debug_frame   0x00000000000000f8       0x74 G:\F401\SDK_1.0.3_NUCLEO-F401RE\lib_stm\libLibraries.a(system_stm32f4xx.o)
 .debug_frame   0x000000000000016c      0x5ec G:\F401\SDK_1.0.3_NUCLEO-F401RE\lib_stm\libLibraries.a(stm32f401re_adc.o)
 .debug_frame   0x0000000000000758      0x308 G:\F401\SDK_1.0.3_NUCLEO-F401RE\lib_stm\libLibraries.a(stm32f401re_dma.o)
 .debug_frame   0x0000000000000a60      0x23c G:\F401\SDK_1.0.3_NUCLEO-F401RE\lib_stm\libLibraries.a(stm32f401re_gpio.o)
 .debug_frame   0x0000000000000c9c      0x774 G:\F401\SDK_1.0.3_NUCLEO-F401RE\lib_stm\libLibraries.a(stm32f401re_rcc.o)
 .debug_frame   0x0000000000001410      0x490 G:\F401\SDK_1.0.3_NUCLEO-F401RE\lib_stm\libLibraries.a(stm32f401re_usart.o)
 .debug_frame   0x00000000000018a0      0x1a8 G:\F401\SDK_1.0.3_NUCLEO-F401RE\lib_stm\libLibraries.a(timer.o)
 .debug_frame   0x0000000000001a48      0x100 G:\F401\SDK_1.0.3_NUCLEO-F401RE\lib_stm\libLibraries.a(utilities.o)
 .debug_frame   0x0000000000001b48       0x2c k:/stm/stm32cubeide_1.11.2/stm32cubeide/plugins/com.st.stm32cube.ide.mcu.externaltools.gnu-tools-for-stm32.10.3-2021.10.win32_1.0.100.202210260954/tools/bin/../lib/gcc/arm-none-eabi/10.3.1/../../../../arm-none-eabi/lib/thumb/v7e-m+fp/hard\libc_nano.a(lib_a-init.o)
